[ertugrl.com/index.html]
[backblue.gif]
[fade.gif]
[index.html]
[vjs.zencdn.net/5.9.2/video-js5010.css]
[c0.wp.com/p/jetpack/6.8.1/css/jetpack-rtl.css]
[c0.wp.com/c/4.9.8/wp-includes/js/jquery/jquery.js]
[c0.wp.com/c/4.9.8/wp-includes/js/jquery/jquery-migrate.min.js]
[vjs.zencdn.net/ie8/1.1.2/videojs-ie8.min20b9.js]
[ertugrl.com/xmlrpc0db0.php]
[ertugrl.com/wp-json/index.html]
[ertugrl.com/wp-includes/wlwmanifest.xml]
[ertugrl.com/wp-content/uploads/2017/12/cropped-h1-32x32.png]
[ertugrl.com/wp-content/uploads/2017/12/cropped-h1-192x192.png]
[ertugrl.com/wp-content/uploads/2017/12/cropped-h1-180x180.png]
[ertugrl.com/wp-content/themes/novavideo/images/textures/pattern1.png]
[ertugrl.com/wp-content/uploads/ertugrl-com-1.png]
[ertugrl.com/wp-content/uploads/2018/10/es5-210x142.jpg]
[ertugrl.com/wp-content/uploads/2017/12/s4-210x142.png]
[ertugrl.com/category/dirilis-ertugrul/الموسم_الاول/index.html]
[ertugrl.com/category/dirilis-ertugrul/الموسم_الثاني/index.html]
[ertugrl.com/wp-content/uploads/2017/12/s3-210x142.jpg]
[ertugrl.com/wp-content/uploads/2017/12/s2-210x142.png]
[ertugrl.com/wp-content/uploads/2017/12/s1-210x142.png]
[ertugrl.com/wp-content/themes/novavideo/scripts/selectnav5152.js]
[ertugrl.com/wp-content/themes/novavideo/scripts/main5152.js]
[ertugrl.com/category/dirilis-ertugrul/الموسم_الثالث/index.html]
[ertugrl.com/wp-content/themes/novavideo/scripts/jQuery.ba-resize.min5152.js]
[ertugrl.com/wp-content/themes/novavideo/scripts/scrollToTop.min5152.js]
[ertugrl.com/wp-content/themes/novavideo/scripts/jquery.bxslider.min5152.js]
[ertugrl.com/category/dirilis-ertugrul/الموسم_الرابع/index.html]
[s0.wp.com/wp-content/js/devicepx-jetpack07c5.js]
[ertugrl.com/category/dirilis-ertugrul/الموسم_الخامس/index.html]
[ertugrl.com/category/الاخبار/index.html]
[ertugrl.com/trt/index.html]
[ertugrl.com/wp-content/plugins/videojs-hls-player/videojs-contrib-hls/videojs-contrib-hls.min20b9.js]
[ertugrl.com/category/المقالات/index.html]
[vjs.zencdn.net/5.9.2/video20b9.js]
[ertugrl.com/dirilis-ertugrul/الموسم_الخامس/قيامة-ارطغرل-الحلقة-135/index.html]
[ertugrl.com/dirilis-ertugrul/الموسم_الخامس/قيامة-ارطغرل-الحلقة-134/index.html]
[ertugrl.com/dirilis-ertugrul/الموسم_الخامس/قيامة-ارطغرل-الحلقة-133/index.html]
[ertugrl.com/wp-content/plugins/videojs-hls-player/videojs-airplay/videojs.airplay20b9.js]
[ertugrl.com/wp-content/plugins/videojs-hls-player/videojs-hls-player20b9.js]
[ertugrl.com/dirilis-ertugrul/الموسم_الخامس/قيامة-ارطغرل-الحلقة-132/index.html]
[c0.wp.com/c/4.9.8/wp-includes/js/wp-embed.min.js]
[ertugrl.com/dirilis-ertugrul/الموسم_الرابع/قيامة-ارطغرل-الحلقة-121-نهاية-الموسم-الر/index.html]
[ertugrl.com/index.html]
[fonts.googleapis.com/earlyaccess/droidarabickufi.css]
[stats.wp.com/e-201907.js]
[ertugrl.com/xmlrpc.php]
[ertugrl.com/dirilis-ertugrul/الموسم_الرابع/قيامة-ارطغرل-الحلقة-120/index.html]
[vjs.zencdn.net/5.9.2/video-js5010.css]
[ertugrl.com/dirilis-ertugrul/الموسم_الرابع/قيامة-ارطغرل-الحلقة-119/index.html]
[ertugrl.com/dirilis-ertugrul/الموسم_الرابع/1006-2/index.html]
[ertugrl.com/wp-content/plugins/videojs-hls-player/videojs-hls-player5010.css]
[ertugrl.com/dirilis-ertugrul/الموسم_الثالث/قيامة-أرطغرل-الحلقة-62/index.html]
[ertugrl.com/dirilis-ertugrul/الموسم_الثالث/قيامة-أرطغرل-الحلقة-63/index.html]
[ertugrl.com/dirilis-ertugrul/الموسم_الثالث/قيامة-أرطغرل-الحلقة-64/index.html]
[ertugrl.com/dirilis-ertugrul/الموسم_الثالث/قيامة-أرطغرل-الحلقة-65/index.html]
[ertugrl.com/wp-content/plugins/videojs-hls-player/videojs-airplay/fonts/airplayButton.eot]
[ertugrl.com/dirilis-ertugrul/الموسم_الثاني/قيامة-أرطغرل-الحلقة-61-نهاية-الموسم-الث/index.html]
[ertugrl.com/dirilis-ertugrul/الموسم_الثاني/قيامة-أرطغرل-الحلقة-60/index.html]
[ertugrl.com/wp-content/plugins/videojs-hls-player/videojs-airplay/fonts/airplayButtond41d.eot]
[ertugrl.com/dirilis-ertugrul/الموسم_الثاني/قيامة-أرطغرل-الحلقة-59/index.html]
[ertugrl.com/wp-content/plugins/videojs-hls-player/videojs-airplay/fonts/airplayButton.ttf]
[ertugrl.com/wp-content/plugins/videojs-hls-player/videojs-airplay/fonts/airplayButton.woff]
[ertugrl.com/wp-content/plugins/videojs-hls-player/videojs-airplay/videojs.airplay5010.css]
[ertugrl.com/dirilis-ertugrul/الموسم_الثاني/قيامة-أرطغرل-الحلقة-58/index.html]
[ertugrl.com/wp-content/themes/novavideo/images/info-icon.png]
[ertugrl.com/wp-content/themes/novavideo/images/play.png]
[ertugrl.com/dirilis-ertugrul/الموسم_الاول/قيامة-أرطغرل-الحلقة-26-نهاية-الموسم-الأ/index.html]
[ertugrl.com/wp-content/themes/novavideo/images/category.png]
[ertugrl.com/dirilis-ertugrul/الموسم_الاول/قيامة-أرطغرل-الحلقة-25/index.html]
[ertugrl.com/wp-content/themes/novavideo/images/play-player.png]
[ertugrl.com/wp-content/themes/novavideo/images/px-middle.png]
[ertugrl.com/wp-content/themes/novavideo/images/search-icon.png]
[ertugrl.com/wp-content/themes/novavideo/images/backtotop.png]
[ertugrl.com/wp-content/themes/novavideo/style5010.css]
[ertugrl.com/wp-content/themes/novavideo/images/loading-dark.gif]
[ertugrl.com/dirilis-ertugrul/الموسم_الاول/قيامة-أرطغرل-الحلقة-24/index.html]
[ertugrl.com/dirilis-ertugrul/الموسم_الاول/قيامة-أرطغرل-الحلقة-23/index.html]
[ertugrl.com/wp-content/themes/novavideo/images/px-dark.png]
[ertugrl.com/wp-content/themes/novavideo/images/views-dark.png]
[ertugrl.com/wp-content/themes/novavideo/images/time-dark.png]
[ertugrl.com/wp-content/themes/novavideo/images/rating-dark.png]
[ertugrl.com/wp-content/themes/novavideo/images/loading-dark-video.gif]
[ertugrl.com/الاخبار/الإعلانات/index.html]
[ertugrl.com/wp-content/themes/novavideo/images/tube-light-selected.png]
[ertugrl.com/wp-content/themes/novavideo/images/tube-extract-light-selected.png]
[ertugrl.com/wp-content/themes/novavideo/images/wall-light-selected.png]
[ertugrl.com/wp-content/themes/novavideo/images/tube-dark-selected.png]
[ertugrl.com/wp-content/themes/novavideo/images/tube-extract-dark-selected.png]
[ertugrl.com/wp-content/themes/novavideo/images/wall-dark-selected.png]
[ertugrl.com/wp-content/themes/novavideo/css/dark5010.css]
[ertugrl.com/wp-content/themes/novavideo/css/nosidebarda9b.css]
[ertugrl.com/wp-content/themes/novavideo/css/horizontalda9b.css]
[ertugrl.com/wp-content/themes/novavideo/css/colors804b.css]
[ertugrl.com/wp-content/themes/novavideo/images/loader-24.gif]
[ertugrl.com/wp-content/themes/novavideo/images/controls.png]
[ertugrl.com/wp-content/themes/novavideo/css/jquery.bxslider5010.css]
[ertugrl.com/wp-content/themes/novavideo/images/degrade-menu.png]
[ertugrl.com/wp-content/themes/novavideo/images/controls-plus.png]
[ertugrl.com/wp-content/themes/novavideo/images/info-icon-plus.png]
[ertugrl.com/wp-content/themes/novavideo/images/info-icon-plus-hover.png]
[ertugrl.com/wp-content/themes/novavideo/images/double-line-vd.png]
[ertugrl.com/wp-content/themes/novavideo/images/double-line-hd.png]
[ertugrl.com/wp-content/themes/novavideo/images/degrade.png]
[ertugrl.com/wp-content/themes/novavideo/images/degrade-hover.png]
[ertugrl.com/wp-content/themes/novavideo/images/search-icon-plus.png]
[ertugrl.com/wp-content/themes/novavideo/images/search-icon-plus-hover.png]
[ertugrl.com/wp-content/themes/novavideo/images/backtotop-plus.png]
[ertugrl.com/wp-content/themes/novavideo/images/backtotop-plus-hover.png]
[ertugrl.com/wp-content/themes/novavideo/css/darkdzplus5010.css]
[ertugrl.com/wp-content/themes/novavideo/images/play-player-small.png]
[ertugrl.com/wp-content/themes/novavideo/css/responsive5010.css]
[c0.wp.com/p/jetpack/6.8.1/modules/carousel/images/arrows.png]
[c0.wp.com/p/jetpack/6.8.1/modules/carousel/images/arrows-2x.png]
[c0.wp.com/p/jetpack/6.8.1/modules/carousel/images/carousel-spritee4da.png]
[c0.wp.com/p/jetpack/6.8.1/modules/carousel/images/carousel-sprite-2xe4da.png]
[c0.wp.com/p/jetpack/6.8.1/modules/shortcodes/img/slideshow-controls.png]
[c0.wp.com/p/jetpack/6.8.1/modules/shortcodes/img/slideshow-controls-2x.png]
[c0.wp.com/p/jetpack/6.8.1/modules/shortcodes/images/slide-nav.png]
[c0.wp.com/p/jetpack/6.8.1/modules/shortcodes/images/expand.png]
[c0.wp.com/p/jetpack/6.8.1/modules/shortcodes/images/collapse.png]
[secure.gravatar.com/images/grav-share-sprite.png]
[c0.wp.com/p/jetpack/6.8.1/css/jetpack-rtl.css]
[ertugrl.com/category/dirilis-ertugrul/الموسم_الاول/index.html]
[ertugrl.com/category/dirilis-ertugrul/الموسم_الثاني/index.html]
[ertugrl.com/category/dirilis-ertugrul/الموسم_الثالث/index.html]
[ertugrl.com/category/dirilis-ertugrul/الموسم_الرابع/index.html]
[ertugrl.com/category/dirilis-ertugrul/الموسم_الخامس/index.html]
[ertugrl.com/wp-json/oembed/1.0/embeda545.json]
[ertugrl.com/trt/feed/index.html]
[ertugrl.com/wp-json/oembed/1.0/embedf255]
[ertugrl.com/trt/index.html]
[ertugrl.com/category/الاخبار/index.html]
[ertugrl.com/category/المقالات/index.html]
[ertugrl.com/dirilis-ertugrul/الموسم_الخامس/قيامة-ارطغرل-الحلقة-135/index.html]
[ertugrl.com/dirilis-ertugrul/الموسم_الخامس/قيامة-ارطغرل-الحلقة-134/index.html]
[ertugrl.com/dirilis-ertugrul/الموسم_الخامس/قيامة-ارطغرل-الحلقة-133/index.html]
[ertugrl.com/dirilis-ertugrul/الموسم_الخامس/قيامة-ارطغرل-الحلقة-132/index.html]
[ertugrl.com/index1e09.html]
[ertugrl.com/dirilis-ertugrul/الموسم_الرابع/قيامة-ارطغرل-الحلقة-121-نهاية-الموسم-الر/index.html]
[ertugrl.com/dirilis-ertugrul/الموسم_الرابع/قيامة-ارطغرل-الحلقة-120/index.html]
[ertugrl.com/dirilis-ertugrul/الموسم_الرابع/قيامة-ارطغرل-الحلقة-119/index.html]
[ertugrl.com/dirilis-ertugrul/الموسم_الرابع/1006-2/index.html]
[ertugrl.com/index29b7.html]
[ertugrl.com/dirilis-ertugrul/الموسم_الثالث/قيامة-أرطغرل-الحلقة-62/index.html]
[ertugrl.com/dirilis-ertugrul/الموسم_الثالث/قيامة-أرطغرل-الحلقة-63/index.html]
[ertugrl.com/dirilis-ertugrul/الموسم_الثالث/قيامة-أرطغرل-الحلقة-64/index.html]
[ertugrl.com/dirilis-ertugrul/الموسم_الثالث/قيامة-أرطغرل-الحلقة-65/index.html]
[ertugrl.com/indexcfe6.html]
[ertugrl.com/dirilis-ertugrul/الموسم_الثاني/قيامة-أرطغرل-الحلقة-61-نهاية-الموسم-الث/index.html]
[ertugrl.com/dirilis-ertugrul/الموسم_الثاني/قيامة-أرطغرل-الحلقة-60/index.html]
[ertugrl.com/dirilis-ertugrul/الموسم_الثاني/قيامة-أرطغرل-الحلقة-59/index.html]
[ertugrl.com/dirilis-ertugrul/الموسم_الثاني/قيامة-أرطغرل-الحلقة-58/index.html]
[ertugrl.com/indexd636.html]
[ertugrl.com/category/dirilis-ertugrul/الموسم_الخامس/index3cc4.html]
[ertugrl.com/category/dirilis-ertugrul/الموسم_الرابع/index3cc4.html]
[ertugrl.com/dirilis-ertugrul/الموسم_الاول/قيامة-أرطغرل-الحلقة-26-نهاية-الموسم-الأ/index.html]
[ertugrl.com/dirilis-ertugrul/الموسم_الاول/قيامة-أرطغرل-الحلقة-25/index.html]
[ertugrl.com/dirilis-ertugrul/الموسم_الاول/قيامة-أرطغرل-الحلقة-24/index.html]
[ertugrl.com/dirilis-ertugrul/الموسم_الاول/قيامة-أرطغرل-الحلقة-23/index.html]
[ertugrl.com/indexfc71.html]
[ertugrl.com/الاخبار/الإعلانات/index.html]
[s0.wp.com/wp-content/js/devicepx-jetpack07c5.js]
[ertugrl.com/category/dirilis-ertugrul/الموسم_الثالث/index3cc4.html]
[ertugrl.com/category/dirilis-ertugrul/الموسم_الثاني/index3cc4.html]
[ertugrl.com/category/dirilis-ertugrul/الموسم_الاول/index3cc4.html]
[stats.wp.com/e-201907.js]
[ertugrl.com/wp-content/plugins/videojs-hls-player/videojs-airplay/fonts/airplayButton.svg]
[ertugrl.com/category/dirilis-ertugrul/الموسم_الخامس/index3cc4.html]
[ertugrl.com/category/dirilis-ertugrul/الموسم_الرابع/index3cc4.html]
[ertugrl.com/category/dirilis-ertugrul/الموسم_الخامس/indexf8e3.html]
[ertugrl.com/category/dirilis-ertugrul/الموسم_الخامس/index9ee4.html]
[s0.wp.com/wp-content/js/devicepx-jetpackfae9.js]
[ertugrl.com/category/dirilis-ertugrul/الموسم_الخامس/indexb203.html]
[ertugrl.com/category/dirilis-ertugrul/الموسم_الثالث/index3cc4.html]
[stats.wp.com/e-201852.js]
[ertugrl.com/category/dirilis-ertugrul/الموسم_الثاني/index3cc4.html]
[ertugrl.com/dirilis-ertugrul/الموسم_الخامس/قيامة-ارطغرل-الحلقة-131/index.html]
[ertugrl.com/category/dirilis-ertugrul/الموسم_الخامس/indexe35a.html]
[ertugrl.com/category/dirilis-ertugrul/الموسم_الاول/index3cc4.html]
[ertugrl.com/category/dirilis-ertugrul/الموسم_الخامس/index8e7c.html]
[ertugrl.com/category/dirilis-ertugrul/الموسم_الخامس/index9bc8.html]
[ertugrl.com/g.html]
[ertugrl.com/dirilis-ertugrul/قيامة-ارطغرل-الحلقة-130/index.html]
[ertugrl.com/c.html]
[ertugrl.com/dirilis-ertugrul/الموسم_الخامس/قيامة-أرطغرل-الحلقة-129/index.html]
[ertugrl.com/t.html]
[ertugrl.com/dirilis-ertugrul/الموسم_الخامس/قيامة-ارطغرل-الحلقة-128/index.html]
[ertugrl.com/dirilis-ertugrul/الموسم_الخامس/قيامة-أرطغرل-الحلقة-127/index.html]
[ertugrl.com/category/dirilis-ertugrul/الموسم_الخامس/indexf8e3.html]
[ertugrl.com/dirilis-ertugrul/الموسم_الخامس/قيامة-أرطغرل-الحلقة-126/index.html]
[ertugrl.com/dirilis-ertugrul/الموسم_الخامس/قيامة-ارطغرل-الحلقة-125/index.html]
[ertugrl.com/category/dirilis-ertugrul/الموسم_الخامس/indexb203.html]
[ertugrl.com/dirilis-ertugrul/الموسم_الخامس/قيامة-أرطغرل-الحلقة-124/index.html]
[ertugrl.com/category/dirilis-ertugrul/الموسم_الخامس/page/2/index3cc4.html]
[ertugrl.com/category/dirilis-ertugrul/الموسم_الخامس/index9ee4.html]
[ertugrl.com/category/dirilis-ertugrul/الموسم_الرابع/indexf8e3.html]
[ertugrl.com/category/dirilis-ertugrul/الموسم_الرابع/indexb203.html]
[ertugrl.com/category/dirilis-ertugrul/الموسم_الخامس/indexe35a.html]
[ertugrl.com/category/dirilis-ertugrul/الموسم_الرابع/index9ee4.html]
[ertugrl.com/category/dirilis-ertugrul/الموسم_الخامس/index8e7c.html]
[ertugrl.com/category/dirilis-ertugrul/الموسم_الرابع/indexe35a.html]
[ertugrl.com/category/dirilis-ertugrul/الموسم_الخامس/index9bc8.html]
[ertugrl.com/category/dirilis-ertugrul/الموسم_الرابع/index8e7c.html]
[ertugrl.com/category/dirilis-ertugrul/الموسم_الرابع/index9bc8.html]
[ertugrl.com/dirilis-ertugrul/الموسم_الخامس/قيامة-ارطغرل-الحلقة-131/index.html]
[ertugrl.com/dirilis-ertugrul/الموسم_الرابع/قيامة-ارطغرل-الحلقة-117/index.html]
[ertugrl.com/dirilis-ertugrul/قيامة-ارطغرل-الحلقة-130/index.html]
[ertugrl.com/dirilis-ertugrul/الموسم_الرابع/قيامة-ارطغرل-الحلقة-116/index.html]
[ertugrl.com/dirilis-ertugrul/الموسم_الرابع/قيامة-أرطغرل-الحلقة-115/index.html]
[ertugrl.com/dirilis-ertugrul/الموسم_الخامس/قيامة-أرطغرل-الحلقة-129/index.html]
[ertugrl.com/dirilis-ertugrul/الموسم_الرابع/قيامة-ارطغرل-الحلقة-114/index.html]
[ertugrl.com/dirilis-ertugrul/الموسم_الخامس/قيامة-ارطغرل-الحلقة-128/index.html]
[ertugrl.com/dirilis-ertugrul/الموسم_الرابع/قيامة-أرطغرل-الحلقة-113/index.html]
[ertugrl.com/dirilis-ertugrul/الموسم_الخامس/قيامة-أرطغرل-الحلقة-127/index.html]
[ertugrl.com/dirilis-ertugrul/الموسم_الرابع/قيامة-ارطغرل-الحلقة-112/index.html]
[ertugrl.com/dirilis-ertugrul/الموسم_الرابع/قيامة-ارطغرل-الحلقة-111/index.html]
[ertugrl.com/dirilis-ertugrul/الموسم_الخامس/قيامة-أرطغرل-الحلقة-126/index.html]
[ertugrl.com/dirilis-ertugrul/الموسم_الرابع/قيامة-أرطغرل-الحلقة-110/index.html]
[ertugrl.com/dirilis-ertugrul/الموسم_الخامس/قيامة-ارطغرل-الحلقة-125/index.html]
[ertugrl.com/category/dirilis-ertugrul/الموسم_الرابع/page/2/index3cc4.html]
[ertugrl.com/dirilis-ertugrul/الموسم_الخامس/قيامة-أرطغرل-الحلقة-124/index.html]
[ertugrl.com/category/dirilis-ertugrul/الموسم_الرابع/page/3/index3cc4.html]
[ertugrl.com/category/dirilis-ertugrul/الموسم_الخامس/page/2/index3cc4.html]
[ertugrl.com/category/dirilis-ertugrul/الموسم_الثالث/indexf8e3.html]
[ertugrl.com/category/dirilis-ertugrul/الموسم_الثالث/indexb203.html]
[ertugrl.com/category/dirilis-ertugrul/الموسم_الرابع/indexf8e3.html]
[ertugrl.com/category/dirilis-ertugrul/الموسم_الثالث/index9ee4.html]
[ertugrl.com/category/dirilis-ertugrul/الموسم_الرابع/indexb203.html]
[ertugrl.com/category/dirilis-ertugrul/الموسم_الثالث/indexe35a.html]
[ertugrl.com/category/dirilis-ertugrul/الموسم_الثالث/index8e7c.html]
[ertugrl.com/category/dirilis-ertugrul/الموسم_الرابع/index9ee4.html]
[ertugrl.com/category/dirilis-ertugrul/الموسم_الثالث/index9bc8.html]
[ertugrl.com/dirilis-ertugrul/الموسم_الثالث/قيامة-أرطغرل-الحلقة-66/index.html]
[ertugrl.com/category/dirilis-ertugrul/الموسم_الرابع/indexe35a.html]
[ertugrl.com/dirilis-ertugrul/الموسم_الثالث/قيامة-أرطغرل-الحلقة-67-مترجمة-hd/index.html]
[ertugrl.com/dirilis-ertugrul/الموسم_الثالث/قيامة-أرطغرل-الحلقة-68-مترجمة-hd/index.html]
[ertugrl.com/category/dirilis-ertugrul/الموسم_الرابع/index8e7c.html]
[ertugrl.com/dirilis-ertugrul/الموسم_الثالث/قيامة-أرطغرل-الحلقة-69-مترجمة-hd/index.html]
[ertugrl.com/dirilis-ertugrul/الموسم_الثالث/قيامة-أرطغرل-الحلقة-70-مترجمة-hd/index.html]
[ertugrl.com/category/dirilis-ertugrul/الموسم_الرابع/index9bc8.html]
[ertugrl.com/dirilis-ertugrul/الموسم_الثالث/قيامة-أرطغرل-الحلقة-71-مترجمة-hd/index.html]
[ertugrl.com/dirilis-ertugrul/الموسم_الثالث/قيامة-أرطغرل-الحلقة-72-مترجمة-hd/index.html]
[ertugrl.com/dirilis-ertugrul/الموسم_الرابع/قيامة-ارطغرل-الحلقة-117/index.html]
[ertugrl.com/dirilis-ertugrul/الموسم_الثالث/قيامة-أرطغرل-الحلقة-73-مترجمة-hd/index.html]
[ertugrl.com/dirilis-ertugrul/الموسم_الرابع/قيامة-ارطغرل-الحلقة-116/index.html]
[ertugrl.com/category/dirilis-ertugrul/الموسم_الثالث/page/2/index3cc4.html]
[ertugrl.com/dirilis-ertugrul/الموسم_الرابع/قيامة-أرطغرل-الحلقة-115/index.html]
[ertugrl.com/category/dirilis-ertugrul/الموسم_الثالث/page/3/index3cc4.html]
[ertugrl.com/dirilis-ertugrul/الموسم_الرابع/قيامة-ارطغرل-الحلقة-114/index.html]
[ertugrl.com/category/dirilis-ertugrul/الموسم_الثاني/indexf8e3.html]
[ertugrl.com/dirilis-ertugrul/الموسم_الرابع/قيامة-أرطغرل-الحلقة-113/index.html]
[ertugrl.com/dirilis-ertugrul/الموسم_الرابع/قيامة-ارطغرل-الحلقة-112/index.html]
[ertugrl.com/category/dirilis-ertugrul/الموسم_الثاني/indexb203.html]
[ertugrl.com/dirilis-ertugrul/الموسم_الرابع/قيامة-ارطغرل-الحلقة-111/index.html]
[ertugrl.com/category/dirilis-ertugrul/الموسم_الثاني/index9ee4.html]
[ertugrl.com/dirilis-ertugrul/الموسم_الرابع/قيامة-أرطغرل-الحلقة-110/index.html]
[ertugrl.com/category/dirilis-ertugrul/الموسم_الثاني/indexe35a.html]
[ertugrl.com/category/dirilis-ertugrul/الموسم_الرابع/page/2/index3cc4.html]
[ertugrl.com/category/dirilis-ertugrul/الموسم_الثاني/index8e7c.html]
[ertugrl.com/category/dirilis-ertugrul/الموسم_الرابع/page/3/index3cc4.html]
[ertugrl.com/category/dirilis-ertugrul/الموسم_الثاني/index9bc8.html]
[ertugrl.com/dirilis-ertugrul/الموسم_الثاني/قيامة-أرطغرل-الحلقة-57/index.html]
[ertugrl.com/dirilis-ertugrul/الموسم_الثاني/قيامة-أرطغرل-الحلقة-56/index.html]
[ertugrl.com/dirilis-ertugrul/الموسم_الثاني/قيامة-أرطغرل-الحلقة-55/index.html]
[ertugrl.com/dirilis-ertugrul/الموسم_الثاني/قيامة-أرطغرل-الحلقة-54/index.html]
[ertugrl.com/dirilis-ertugrul/الموسم_الثاني/قيامة-أرطغرل-الحلقة-53/index.html]
[s0.wp.com/wp-content/js/devicepx-jetpack1231.js]
[ertugrl.com/dirilis-ertugrul/الموسم_الثاني/قيامة-أرطغرل-الحلقة-52/index.html]
[ertugrl.com/dirilis-ertugrul/الموسم_الثاني/قيامة-أرطغرل-الحلقة-51/index.html]
[ertugrl.com/category/dirilis-ertugrul/الموسم_الثالث/indexf8e3.html]
[ertugrl.com/category/dirilis-ertugrul/الموسم_الثالث/indexb203.html]
[stats.wp.com/e-201901.js]
[ertugrl.com/dirilis-ertugrul/الموسم_الثاني/قيامة-أرطغرل-الحلقة-50/index.html]
[ertugrl.com/category/dirilis-ertugrul/الموسم_الثاني/page/2/index3cc4.html]
[ertugrl.com/category/dirilis-ertugrul/الموسم_الثاني/page/3/index3cc4.html]
[ertugrl.com/category/dirilis-ertugrul/الموسم_الاول/indexf8e3.html]
[ertugrl.com/category/dirilis-ertugrul/الموسم_الاول/indexb203.html]
[s0.wp.com/wp-content/js/devicepx-jetpack2acb.js]
[ertugrl.com/category/dirilis-ertugrul/الموسم_الاول/index9ee4.html]
[ertugrl.com/category/dirilis-ertugrul/الموسم_الثالث/index9ee4.html]
[stats.wp.com/e-201902.js]
[ertugrl.com/category/dirilis-ertugrul/الموسم_الاول/index8e7c.html]
[ertugrl.com/category/dirilis-ertugrul/الموسم_الاول/indexe35a.html]
[s0.wp.com/wp-content/js/devicepx-jetpack8ae0.js]
[ertugrl.com/category/dirilis-ertugrul/الموسم_الثالث/indexe35a.html]
[ertugrl.com/category/dirilis-ertugrul/الموسم_الثالث/index8e7c.html]
[stats.wp.com/e-201903.js]
[ertugrl.com/category/dirilis-ertugrul/الموسم_الثالث/index9bc8.html]
[ertugrl.com/dirilis-ertugrul/الموسم_الاول/قيامة-أرطغرل-الحلقة-22/index.html]
[ertugrl.com/category/dirilis-ertugrul/الموسم_الاول/index9bc8.html]
[ertugrl.com/dirilis-ertugrul/الموسم_الثالث/قيامة-أرطغرل-الحلقة-66/index.html]
[ertugrl.com/dirilis-ertugrul/الموسم_الاول/قيامة-أرطغرل-الحلقة-21/index.html]
[ertugrl.com/dirilis-ertugrul/الموسم_الثالث/قيامة-أرطغرل-الحلقة-67-مترجمة-hd/index.html]
[ertugrl.com/dirilis-ertugrul/الموسم_الاول/قيامة-أرطغرل-الحلقة-20/index.html]
[ertugrl.com/dirilis-ertugrul/الموسم_الثالث/قيامة-أرطغرل-الحلقة-68-مترجمة-hd/index.html]
[ertugrl.com/dirilis-ertugrul/الموسم_الاول/قيامة-أرطغرل-الحلقة-19/index.html]
[ertugrl.com/dirilis-ertugrul/الموسم_الثالث/قيامة-أرطغرل-الحلقة-69-مترجمة-hd/index.html]
[ertugrl.com/dirilis-ertugrul/الموسم_الاول/قيامة-أرطغرل-الحلقة-18/index.html]
[ertugrl.com/dirilis-ertugrul/الموسم_الثالث/قيامة-أرطغرل-الحلقة-70-مترجمة-hd/index.html]
[ertugrl.com/dirilis-ertugrul/الموسم_الاول/قيامة-أرطغرل-الحلقة-17/index.html]
[ertugrl.com/dirilis-ertugrul/الموسم_الثالث/قيامة-أرطغرل-الحلقة-71-مترجمة-hd/index.html]
[ertugrl.com/dirilis-ertugrul/الموسم_الاول/قيامة-أرطغرل-الحلقة-16/index.html]
[ertugrl.com/dirilis-ertugrul/الموسم_الثالث/قيامة-أرطغرل-الحلقة-72-مترجمة-hd/index.html]
[ertugrl.com/category/dirilis-ertugrul/الموسم_الاول/page/2/index3cc4.html]
[ertugrl.com/dirilis-ertugrul/الموسم_الثالث/قيامة-أرطغرل-الحلقة-73-مترجمة-hd/index.html]
[ertugrl.com/dirilis-ertugrul/الموسم_الاول/قيامة-ارطغرل-الحلقة-15/index.html]
[ertugrl.com/category/dirilis-ertugrul/الموسم_الثالث/page/2/index3cc4.html]
[ertugrl.com/category/dirilis-ertugrul/الموسم_الاول/page/3/index3cc4.html]
[ertugrl.com/category/dirilis-ertugrul/الموسم_الثالث/page/3/index3cc4.html]
[ertugrl.com/category/dirilis-ertugrul/الموسم_الخامس/feed/index.html]
[s0.wp.com/wp-content/js/devicepx-jetpackfae9.js]
[ertugrl.com/category/dirilis-ertugrul/الموسم_الخامس/page/2/indexf8e3.html]
[ertugrl.com/category/dirilis-ertugrul/الموسم_الخامس/index0ce5.html]
[ertugrl.com/category/dirilis-ertugrul/الموسم_الخامس/indexc14a.html]
[ertugrl.com/category/dirilis-ertugrul/الموسم_الخامس/page/2/indexb203.html]
[ertugrl.com/category/dirilis-ertugrul/الموسم_الخامس/index97e3.html]
[ertugrl.com/dirilis-ertugrul/الموسم_الخامس/قيامة-أرطغرل-الحلقة-123/index.html]
[ertugrl.com/dirilis-ertugrul/الموسم_الخامس/قيامة-أرطغرل-الحلقة-122-بداية-الموسم-الخ/index.html]
[ertugrl.com/category/dirilis-ertugrul/الموسم_الخامس/indexe39b.html]
[ertugrl.com/category/dirilis-ertugrul/الموسم_الخامس/page/2/index9ee4.html]
[ertugrl.com/category/dirilis-ertugrul/الموسم_الخامس/indexaa4b.html]
[ertugrl.com/category/dirilis-ertugrul/الموسم_الخامس/indexb0d0.html]
[stats.wp.com/e-201852.js]
[ertugrl.com/category/dirilis-ertugrul/الموسم_الخامس/page/2/indexe35a.html]
[ertugrl.com/category/dirilis-ertugrul/الموسم_الخامس/page/2/index8e7c.html]
[ertugrl.com/category/dirilis-ertugrul/الموسم_الخامس/page/2/index9bc8.html]
[ertugrl.com/category/dirilis-ertugrul/الموسم_الثاني/indexf8e3.html]
[ertugrl.com/category/dirilis-ertugrul/الموسم_الثاني/indexb203.html]
[ertugrl.com/category/dirilis-ertugrul/الموسم_الرابع/feed/index.html]
[ertugrl.com/category/dirilis-ertugrul/الموسم_الرابع/page/2/indexf8e3.html]
[ertugrl.com/category/dirilis-ertugrul/الموسم_الثاني/index9ee4.html]
[ertugrl.com/category/dirilis-ertugrul/الموسم_الرابع/page/3/indexf8e3.html]
[ertugrl.com/category/dirilis-ertugrul/الموسم_الرابع/index0ce5.html]
[ertugrl.com/category/dirilis-ertugrul/الموسم_الثاني/indexe35a.html]
[ertugrl.com/category/dirilis-ertugrul/الموسم_الرابع/indexc14a.html]
[ertugrl.com/dirilis-ertugrul/الموسم_الرابع/قيامة-أرطغرل-الحلقة-107/index.html]
[ertugrl.com/category/dirilis-ertugrul/الموسم_الثاني/index8e7c.html]
[ertugrl.com/category/dirilis-ertugrul/الموسم_الرابع/page/2/indexb203.html]
[ertugrl.com/category/dirilis-ertugrul/الموسم_الرابع/page/3/indexb203.html]
[ertugrl.com/category/dirilis-ertugrul/الموسم_الثاني/index9bc8.html]
[ertugrl.com/category/dirilis-ertugrul/الموسم_الرابع/index97e3.html]
[ertugrl.com/category/dirilis-ertugrul/الموسم_الرابع/indexe39b.html]
[ertugrl.com/dirilis-ertugrul/الموسم_الرابع/قيامة-أرطغرل-الحلقة-108/index.html]
[ertugrl.com/dirilis-ertugrul/الموسم_الثاني/قيامة-أرطغرل-الحلقة-57/index.html]
[ertugrl.com/dirilis-ertugrul/الموسم_الرابع/قيامة-أرطغرل-الحلقة-101-مترجمة-hd/index.html]
[ertugrl.com/dirilis-ertugrul/الموسم_الثاني/قيامة-أرطغرل-الحلقة-56/index.html]
[ertugrl.com/category/dirilis-ertugrul/الموسم_الرابع/page/2/index9ee4.html]
[ertugrl.com/dirilis-ertugrul/الموسم_الثاني/قيامة-أرطغرل-الحلقة-55/index.html]
[ertugrl.com/category/dirilis-ertugrul/الموسم_الرابع/page/3/index9ee4.html]
[ertugrl.com/category/dirilis-ertugrul/الموسم_الرابع/indexaa4b.html]
[ertugrl.com/dirilis-ertugrul/الموسم_الثاني/قيامة-أرطغرل-الحلقة-54/index.html]
[ertugrl.com/category/dirilis-ertugrul/الموسم_الرابع/indexb0d0.html]
[ertugrl.com/dirilis-ertugrul/الموسم_الثاني/قيامة-أرطغرل-الحلقة-53/index.html]
[ertugrl.com/category/dirilis-ertugrul/الموسم_الرابع/page/2/indexe35a.html]
[ertugrl.com/dirilis-ertugrul/الموسم_الثاني/قيامة-أرطغرل-الحلقة-52/index.html]
[ertugrl.com/category/dirilis-ertugrul/الموسم_الرابع/page/3/indexe35a.html]
[ertugrl.com/dirilis-ertugrul/الموسم_الثاني/قيامة-أرطغرل-الحلقة-51/index.html]
[ertugrl.com/category/dirilis-ertugrul/الموسم_الرابع/page/2/index8e7c.html]
[ertugrl.com/category/dirilis-ertugrul/الموسم_الرابع/page/3/index8e7c.html]
[ertugrl.com/dirilis-ertugrul/الموسم_الثاني/قيامة-أرطغرل-الحلقة-50/index.html]
[ertugrl.com/category/dirilis-ertugrul/الموسم_الرابع/page/2/index9bc8.html]
[ertugrl.com/category/dirilis-ertugrul/الموسم_الثاني/page/2/index3cc4.html]
[ertugrl.com/category/dirilis-ertugrul/الموسم_الرابع/page/3/index9bc8.html]
[ertugrl.com/category/dirilis-ertugrul/الموسم_الثاني/page/3/index3cc4.html]
[ertugrl.com/category/dirilis-ertugrul/الموسم_الثالث/page/2/indexf8e3.html]
[ertugrl.com/category/dirilis-ertugrul/الموسم_الثالث/feed/index.html]
[ertugrl.com/category/dirilis-ertugrul/الموسم_الاول/indexf8e3.html]
[ertugrl.com/category/dirilis-ertugrul/الموسم_الثالث/page/3/indexf8e3.html]
[ertugrl.com/category/dirilis-ertugrul/الموسم_الثالث/index0ce5.html]
[ertugrl.com/category/dirilis-ertugrul/الموسم_الاول/indexb203.html]
[ertugrl.com/category/dirilis-ertugrul/الموسم_الثالث/indexc14a.html]
[ertugrl.com/dirilis-ertugrul/الموسم_الثالث/قيامة-أرطغرل-الحلقة-79-مترجمة-hd/index.html]
[ertugrl.com/category/dirilis-ertugrul/الموسم_الاول/index9ee4.html]
[ertugrl.com/dirilis-ertugrul/الموسم_الثالث/قيامة-أرطغرل-الحلقة-75-مترجمة-hd/index.html]
[ertugrl.com/dirilis-ertugrul/الموسم_الثالث/قيامة-أرطغرل-الحلقة-80-مترجمة-hd/index.html]
[ertugrl.com/category/dirilis-ertugrul/الموسم_الاول/indexe35a.html]
[ertugrl.com/category/dirilis-ertugrul/الموسم_الثالث/page/2/indexb203.html]
[ertugrl.com/category/dirilis-ertugrul/الموسم_الثالث/page/3/indexb203.html]
[ertugrl.com/category/dirilis-ertugrul/الموسم_الاول/index8e7c.html]
[ertugrl.com/dirilis-ertugrul/الموسم_الثالث/قيامة-أرطغرل-الحلقة-76-مترجمة-hd/index.html]
[ertugrl.com/category/dirilis-ertugrul/الموسم_الثالث/index97e3.html]
[ertugrl.com/category/dirilis-ertugrul/الموسم_الاول/index9bc8.html]
[ertugrl.com/dirilis-ertugrul/الموسم_الثالث/قيامة-أرطغرل-الحلقة-89/index.html]
[ertugrl.com/category/dirilis-ertugrul/الموسم_الثالث/indexe39b.html]
[ertugrl.com/dirilis-ertugrul/الموسم_الاول/قيامة-أرطغرل-الحلقة-22/index.html]
[ertugrl.com/dirilis-ertugrul/الموسم_الثالث/قيامة-أرطغرل-الحلقة-78-مترجمة-hd/index.html]
[ertugrl.com/dirilis-ertugrul/الموسم_الاول/قيامة-أرطغرل-الحلقة-21/index.html]
[ertugrl.com/dirilis-ertugrul/الموسم_الثالث/قيامة-أرطغرل-الحلقة-88/index.html]
[ertugrl.com/dirilis-ertugrul/الموسم_الاول/قيامة-أرطغرل-الحلقة-20/index.html]
[ertugrl.com/dirilis-ertugrul/الموسم_الثالث/قيامة-أرطغرل-الحلقة-77-مترجمة-hd/index.html]
[ertugrl.com/dirilis-ertugrul/الموسم_الاول/قيامة-أرطغرل-الحلقة-19/index.html]
[ertugrl.com/dirilis-ertugrul/الموسم_الثالث/قيامة-أرطغرل-الحلقة-87-2/index.html]
[ertugrl.com/dirilis-ertugrul/الموسم_الاول/قيامة-أرطغرل-الحلقة-18/index.html]
[ertugrl.com/category/dirilis-ertugrul/الموسم_الثالث/page/2/index9ee4.html]
[ertugrl.com/dirilis-ertugrul/الموسم_الاول/قيامة-أرطغرل-الحلقة-17/index.html]
[ertugrl.com/category/dirilis-ertugrul/الموسم_الثالث/page/3/index9ee4.html]
[ertugrl.com/dirilis-ertugrul/الموسم_الاول/قيامة-أرطغرل-الحلقة-16/index.html]
[ertugrl.com/category/dirilis-ertugrul/الموسم_الثالث/indexaa4b.html]
[ertugrl.com/dirilis-ertugrul/الموسم_الاول/قيامة-ارطغرل-الحلقة-15/index.html]
[ertugrl.com/category/dirilis-ertugrul/الموسم_الثالث/indexb0d0.html]
[ertugrl.com/category/dirilis-ertugrul/الموسم_الاول/page/2/index3cc4.html]
[ertugrl.com/category/dirilis-ertugrul/الموسم_الثالث/page/2/indexe35a.html]
[ertugrl.com/category/dirilis-ertugrul/الموسم_الاول/page/3/index3cc4.html]
[ertugrl.com/category/dirilis-ertugrul/الموسم_الثالث/page/3/indexe35a.html]
[ertugrl.com/category/dirilis-ertugrul/الموسم_الخامس/page/2/indexf8e3.html]
[ertugrl.com/category/dirilis-ertugrul/الموسم_الثالث/page/2/index8e7c.html]
[ertugrl.com/category/dirilis-ertugrul/الموسم_الثالث/page/3/index8e7c.html]
[ertugrl.com/category/dirilis-ertugrul/الموسم_الخامس/index0ce5.html]
[ertugrl.com/category/dirilis-ertugrul/الموسم_الثالث/page/2/index9bc8.html]
[ertugrl.com/category/dirilis-ertugrul/الموسم_الثالث/page/3/index9bc8.html]
[ertugrl.com/category/dirilis-ertugrul/الموسم_الخامس/indexc14a.html]
[ertugrl.com/category/dirilis-ertugrul/الموسم_الثاني/page/2/indexf8e3.html]
[ertugrl.com/category/dirilis-ertugrul/الموسم_الثاني/feed/index.html]
[ertugrl.com/category/dirilis-ertugrul/الموسم_الخامس/page/2/indexb203.html]
[ertugrl.com/category/dirilis-ertugrul/الموسم_الثاني/page/3/indexf8e3.html]
[ertugrl.com/category/dirilis-ertugrul/الموسم_الثاني/index0ce5.html]
[ertugrl.com/category/dirilis-ertugrul/الموسم_الخامس/index97e3.html]
[ertugrl.com/category/dirilis-ertugrul/الموسم_الثاني/indexc14a.html]
[ertugrl.com/dirilis-ertugrul/الموسم_الثاني/قيامة-أرطغرل-الحلقة-37/index.html]
[ertugrl.com/category/dirilis-ertugrul/الموسم_الخامس/indexe39b.html]
[ertugrl.com/dirilis-ertugrul/الموسم_الثاني/قيامة-أرطغرل-الحلقة-30/index.html]
[ertugrl.com/dirilis-ertugrul/الموسم_الثاني/قيامة-أرطغرل-الحلقة-27/index.html]
[ertugrl.com/dirilis-ertugrul/الموسم_الخامس/قيامة-أرطغرل-الحلقة-123/index.html]
[ertugrl.com/dirilis-ertugrul/الموسم_الثاني/قيامة-أرطغرل-الحلقة-3/index.html]
[ertugrl.com/dirilis-ertugrul/الموسم_الخامس/قيامة-أرطغرل-الحلقة-122-بداية-الموسم-الخ/index.html]
[ertugrl.com/dirilis-ertugrul/الموسم_الثاني/قيامة-أرطغرل-الحلقة-41/index.html]
[ertugrl.com/category/dirilis-ertugrul/الموسم_الخامس/page/2/index9ee4.html]
[ertugrl.com/dirilis-ertugrul/الموسم_الثاني/قيامة-أرطغرل-الحلقة-29/index.html]
[ertugrl.com/category/dirilis-ertugrul/الموسم_الثاني/page/2/indexb203.html]
[ertugrl.com/category/dirilis-ertugrul/الموسم_الخامس/indexaa4b.html]
[ertugrl.com/category/dirilis-ertugrul/الموسم_الثاني/page/3/indexb203.html]
[ertugrl.com/category/dirilis-ertugrul/الموسم_الثاني/index97e3.html]
[ertugrl.com/category/dirilis-ertugrul/الموسم_الخامس/indexb0d0.html]
[ertugrl.com/category/dirilis-ertugrul/الموسم_الثاني/indexe39b.html]
[ertugrl.com/dirilis-ertugrul/الموسم_الثاني/قيامة-أرطغرل-الحلقة-44/index.html]
[ertugrl.com/category/dirilis-ertugrul/الموسم_الخامس/page/2/indexe35a.html]
[ertugrl.com/dirilis-ertugrul/الموسم_الثاني/قيامة-أرطغرل-الحلقة-34/index.html]
[ertugrl.com/dirilis-ertugrul/الموسم_الثاني/قيامة-أرطغرل-الحلقة-33/index.html]
[ertugrl.com/category/dirilis-ertugrul/الموسم_الخامس/page/2/index8e7c.html]
[ertugrl.com/dirilis-ertugrul/الموسم_الثاني/قيامة-أرطغرل-الحلقة-46/index.html]
[ertugrl.com/dirilis-ertugrul/الموسم_الثاني/قيامة-أرطغرل-الحلقة-35/index.html]
[ertugrl.com/category/dirilis-ertugrul/الموسم_الخامس/page/2/index9bc8.html]
[ertugrl.com/category/dirilis-ertugrul/الموسم_الثاني/page/2/index9ee4.html]
[ertugrl.com/dirilis-ertugrul/الموسم_الثاني/قيامة-أرطغرل-الحلقة-45/index.html]
[ertugrl.com/category/dirilis-ertugrul/الموسم_الثاني/page/3/index9ee4.html]
[ertugrl.com/category/dirilis-ertugrul/الموسم_الثاني/indexaa4b.html]
[ertugrl.com/category/dirilis-ertugrul/الموسم_الثاني/indexb0d0.html]
[ertugrl.com/wp-content/uploads/2017/12/99s-210x142.png]
[ertugrl.com/category/dirilis-ertugrul/الموسم_الثاني/page/2/indexe35a.html]
[ertugrl.com/category/dirilis-ertugrul/الموسم_الثاني/page/3/indexe35a.html]
[ertugrl.com/category/dirilis-ertugrul/الموسم_الثاني/page/2/index8e7c.html]
[ertugrl.com/wp-content/uploads/2017/12/98-1-210x142.jpg]
[ertugrl.com/category/dirilis-ertugrul/الموسم_الرابع/page/2/indexf8e3.html]
[ertugrl.com/category/dirilis-ertugrul/الموسم_الثاني/page/2/index9bc8.html]
[ertugrl.com/category/dirilis-ertugrul/الموسم_الثاني/page/3/index8e7c.html]
[ertugrl.com/wp-content/uploads/2017/12/97-210x142.jpg]
[ertugrl.com/wp-content/uploads/2017/12/96-1-210x142.jpg]
[ertugrl.com/wp-content/uploads/2017/12/95-210x142.jpg]
[ertugrl.com/category/dirilis-ertugrul/الموسم_الثاني/page/3/index9bc8.html]
[ertugrl.com/wp-content/uploads/2017/12/94-210x142.jpg]
[ertugrl.com/category/dirilis-ertugrul/الموسم_الرابع/page/3/indexf8e3.html]
[ertugrl.com/category/dirilis-ertugrul/الموسم_الرابع/index0ce5.html]
[ertugrl.com/category/dirilis-ertugrul/الموسم_الرابع/indexc14a.html]
[ertugrl.com/dirilis-ertugrul/الموسم_الرابع/قيامة-أرطغرل-الحلقة-107/index.html]
[ertugrl.com/category/dirilis-ertugrul/الموسم_الاول/page/2/indexf8e3.html]
[ertugrl.com/category/dirilis-ertugrul/الموسم_الرابع/page/2/indexb203.html]
[ertugrl.com/category/dirilis-ertugrul/الموسم_الاول/page/3/indexf8e3.html]
[ertugrl.com/category/dirilis-ertugrul/الموسم_الاول/index0ce5.html]
[ertugrl.com/category/dirilis-ertugrul/الموسم_الرابع/page/3/indexb203.html]
[ertugrl.com/category/dirilis-ertugrul/الموسم_الاول/feed/index.html]
[ertugrl.com/dirilis-ertugrul/الموسم_الاول/قيامة-أرطغرل-الحلقة-الأولى-1/index.html]
[ertugrl.com/category/dirilis-ertugrul/الموسم_الرابع/index97e3.html]
[ertugrl.com/dirilis-ertugrul/الموسم_الاول/قيامة-أرطغرل-الحلقة-10-مترجمة/index.html]
[ertugrl.com/category/dirilis-ertugrul/الموسم_الاول/indexc14a.html]
[ertugrl.com/category/dirilis-ertugrul/الموسم_الرابع/indexe39b.html]
[ertugrl.com/dirilis-ertugrul/الموسم_الاول/قيامة-أرطغرل-الحلقة-الثانية-2/index.html]
[ertugrl.com/dirilis-ertugrul/الموسم_الاول/قيامة-أرطغرل-الحلقة-الثالثة-3/index.html]
[ertugrl.com/dirilis-ertugrul/الموسم_الرابع/قيامة-أرطغرل-الحلقة-108/index.html]
[ertugrl.com/dirilis-ertugrul/الموسم_الاول/قيامة-أرطغرل-الحلقة-الخامسة/index.html]
[ertugrl.com/dirilis-ertugrul/الموسم_الرابع/قيامة-أرطغرل-الحلقة-101-مترجمة-hd/index.html]
[ertugrl.com/dirilis-ertugrul/الموسم_الاول/قيامة-أرطغرل-الحلقة-7-مترجمة/index.html]
[ertugrl.com/category/dirilis-ertugrul/الموسم_الرابع/page/2/index9ee4.html]
[ertugrl.com/dirilis-ertugrul/الموسم_الاول/قيامة-أرطغرل-الحلقة-الرابعة-4/index.html]
[ertugrl.com/category/dirilis-ertugrul/الموسم_الاول/page/2/indexb203.html]
[ertugrl.com/category/dirilis-ertugrul/الموسم_الرابع/page/3/index9ee4.html]
[ertugrl.com/category/dirilis-ertugrul/الموسم_الاول/page/3/indexb203.html]
[ertugrl.com/category/dirilis-ertugrul/الموسم_الاول/index97e3.html]
[ertugrl.com/category/dirilis-ertugrul/الموسم_الرابع/indexaa4b.html]
[ertugrl.com/category/dirilis-ertugrul/الموسم_الاول/indexe39b.html]
[ertugrl.com/dirilis-ertugrul/الموسم_الاول/قيامة-أرطغرل-الحلقة-6-مترجمة/index.html]
[ertugrl.com/category/dirilis-ertugrul/الموسم_الرابع/indexb0d0.html]
[ertugrl.com/dirilis-ertugrul/الموسم_الاول/قيامة-أرطغرل-الحلقة-8-مترجمة/index.html]
[ertugrl.com/category/dirilis-ertugrul/الموسم_الاول/page/2/index9ee4.html]
[ertugrl.com/category/dirilis-ertugrul/الموسم_الرابع/page/2/indexe35a.html]
[ertugrl.com/category/dirilis-ertugrul/الموسم_الاول/page/3/index9ee4.html]
[ertugrl.com/category/dirilis-ertugrul/الموسم_الاول/indexaa4b.html]
[ertugrl.com/category/dirilis-ertugrul/الموسم_الرابع/page/3/indexe35a.html]
[ertugrl.com/category/dirilis-ertugrul/الموسم_الاول/indexb0d0.html]
[ertugrl.com/category/dirilis-ertugrul/الموسم_الاول/page/2/indexe35a.html]
[ertugrl.com/category/dirilis-ertugrul/الموسم_الرابع/page/2/index8e7c.html]
[ertugrl.com/category/dirilis-ertugrul/الموسم_الاول/page/3/indexe35a.html]
[ertugrl.com/category/dirilis-ertugrul/الموسم_الاول/page/2/index8e7c.html]
[ertugrl.com/category/dirilis-ertugrul/الموسم_الرابع/page/3/index8e7c.html]
[ertugrl.com/category/dirilis-ertugrul/الموسم_الاول/page/3/index8e7c.html]
[ertugrl.com/category/dirilis-ertugrul/الموسم_الاول/page/2/index9bc8.html]
[ertugrl.com/category/dirilis-ertugrul/الموسم_الرابع/page/2/index9bc8.html]
[ertugrl.com/category/dirilis-ertugrul/الموسم_الاول/page/3/index9bc8.html]
[ertugrl.com/category/dirilis-ertugrul/الموسم_الخامس/page/2/index0ce5.html]
[ertugrl.com/category/dirilis-ertugrul/الموسم_الرابع/page/3/index9bc8.html]
[ertugrl.com/category/dirilis-ertugrul/الموسم_الخامس/page/2/indexc14a.html]
[ertugrl.com/category/dirilis-ertugrul/الموسم_الثالث/page/2/indexf8e3.html]
[ertugrl.com/category/dirilis-ertugrul/الموسم_الخامس/page/2/index97e3.html]
[ertugrl.com/category/dirilis-ertugrul/الموسم_الخامس/page/2/indexe39b.html]
[ertugrl.com/category/dirilis-ertugrul/الموسم_الخامس/page/2/indexaa4b.html]
[ertugrl.com/wp-content/uploads/2017/12/s3-210x142.png]
[ertugrl.com/category/dirilis-ertugrul/الموسم_الثالث/page/3/indexf8e3.html]
[ertugrl.com/category/dirilis-ertugrul/الموسم_الخامس/page/2/indexb0d0.html]
[s0.wp.com/wp-content/js/devicepx-jetpack1231.js]
[stats.wp.com/e-201901.js]
[ertugrl.com/dirilis-ertugrul/الموسم_الرابع/قيامة-أرطغرل-الحلقة-109/index.html]
[ertugrl.com/category/dirilis-ertugrul/الموسم_الثالث/index0ce5.html]
[ertugrl.com/dirilis-ertugrul/الموسم_الرابع/قيامة-أرطغرل-الحلقة-106/index.html]
[ertugrl.com/dirilis-ertugrul/الموسم_الرابع/قيامة-أرطغرل-الحلقة-105/index.html]
[ertugrl.com/category/dirilis-ertugrul/الموسم_الثالث/indexc14a.html]
[ertugrl.com/dirilis-ertugrul/الموسم_الرابع/قيامة-أرطغرل-الحلقة-104/index.html]
[ertugrl.com/dirilis-ertugrul/الموسم_الرابع/قيامة-أرطغرل-الحلقة-103-مترجمة-hd/index.html]
[ertugrl.com/dirilis-ertugrul/الموسم_الثالث/قيامة-أرطغرل-الحلقة-79-مترجمة-hd/index.html]
[ertugrl.com/dirilis-ertugrul/الموسم_الرابع/قيامة-أرطغرل-الحلقة-102-مترجمة-hd/index.html]
[ertugrl.com/dirilis-ertugrul/الموسم_الثالث/قيامة-أرطغرل-الحلقة-75-مترجمة-hd/index.html]
[ertugrl.com/dirilis-ertugrul/الموسم_الرابع/قيامة-أرطغرل-الحلقة-100-مترجمة-hd/index.html]
[ertugrl.com/dirilis-ertugrul/الموسم_الثالث/قيامة-أرطغرل-الحلقة-80-مترجمة-hd/index.html]
[ertugrl.com/dirilis-ertugrul/الموسم_الرابع/قيامة-أرطغرل-الحلقة-99-مترجمة-hd/index.html]
[ertugrl.com/dirilis-ertugrul/الموسم_الثالث/قيامة-أرطغرل-الحلقة-76-مترجمة-hd/index.html]
[ertugrl.com/dirilis-ertugrul/الموسم_الرابع/الحلقة-98/index.html]
[ertugrl.com/category/dirilis-ertugrul/الموسم_الثالث/page/2/indexb203.html]
[ertugrl.com/dirilis-ertugrul/الموسم_الرابع/قيامة-أرطغرل-الحلقة-97-مترجمة-hd/index.html]
[ertugrl.com/dirilis-ertugrul/الموسم_الرابع/قيامة-أرطغرل-الحلقة-96/index.html]
[ertugrl.com/category/dirilis-ertugrul/الموسم_الثالث/page/3/indexb203.html]
[ertugrl.com/category/dirilis-ertugrul/الموسم_الثالث/index97e3.html]
[ertugrl.com/dirilis-ertugrul/الموسم_الرابع/ثيامة-أرطغرل-الحلقة-95/index.html]
[ertugrl.com/dirilis-ertugrul/الموسم_الرابع/قيامة-أرطغرل-الحلقة-94/index.html]
[ertugrl.com/category/dirilis-ertugrul/الموسم_الثالث/indexe39b.html]
[ertugrl.com/dirilis-ertugrul/الموسم_الرابع/قيامة-أرطغرل-الحلقة-93/index.html]
[ertugrl.com/dirilis-ertugrul/الموسم_الرابع/قيامة-أرطغرل-الحلقة-92/index.html]
[ertugrl.com/dirilis-ertugrul/الموسم_الثالث/قيامة-أرطغرل-الحلقة-89/index.html]
[ertugrl.com/category/dirilis-ertugrul/الموسم_الرابع/page/2/index0ce5.html]
[ertugrl.com/dirilis-ertugrul/الموسم_الثالث/قيامة-أرطغرل-الحلقة-78-مترجمة-hd/index.html]
[ertugrl.com/category/dirilis-ertugrul/الموسم_الرابع/page/3/index0ce5.html]
[ertugrl.com/dirilis-ertugrul/الموسم_الثالث/قيامة-أرطغرل-الحلقة-88/index.html]
[ertugrl.com/category/dirilis-ertugrul/الموسم_الرابع/page/2/indexc14a.html]
[ertugrl.com/dirilis-ertugrul/الموسم_الثالث/قيامة-أرطغرل-الحلقة-77-مترجمة-hd/index.html]
[ertugrl.com/category/dirilis-ertugrul/الموسم_الرابع/page/3/indexc14a.html]
[ertugrl.com/dirilis-ertugrul/الموسم_الثالث/قيامة-أرطغرل-الحلقة-87-2/index.html]
[ertugrl.com/category/dirilis-ertugrul/الموسم_الثالث/page/2/index9ee4.html]
[ertugrl.com/category/dirilis-ertugrul/الموسم_الرابع/page/2/index97e3.html]
[ertugrl.com/category/dirilis-ertugrul/الموسم_الرابع/page/3/index97e3.html]
[ertugrl.com/category/dirilis-ertugrul/الموسم_الثالث/page/3/index9ee4.html]
[ertugrl.com/category/dirilis-ertugrul/الموسم_الرابع/page/2/indexe39b.html]
[ertugrl.com/category/dirilis-ertugrul/الموسم_الرابع/page/3/indexe39b.html]
[s0.wp.com/wp-content/js/devicepx-jetpack2acb.js]
[ertugrl.com/category/dirilis-ertugrul/الموسم_الرابع/page/2/indexaa4b.html]
[stats.wp.com/e-201902.js]
[ertugrl.com/category/dirilis-ertugrul/الموسم_الرابع/page/3/indexaa4b.html]
[ertugrl.com/category/dirilis-ertugrul/الموسم_الرابع/page/2/indexb0d0.html]
[ertugrl.com/category/dirilis-ertugrul/الموسم_الثالث/indexaa4b.html]
[ertugrl.com/category/dirilis-ertugrul/الموسم_الرابع/page/3/indexb0d0.html]
[ertugrl.com/category/dirilis-ertugrul/الموسم_الثالث/indexb0d0.html]
[ertugrl.com/dirilis-ertugrul/الموسم_الثالث/قيامة-أرطغرل-الحلقة-74-مترجمة-hd/index.html]
[ertugrl.com/dirilis-ertugrul/الموسم_الثالث/قيامة-أرطغرل-الحلقة-81-مترجمة-hd/index.html]
[ertugrl.com/dirilis-ertugrul/الموسم_الثالث/قيامة-أرطغرل-الحلقة-82-مترجمة-hd/index.html]
[s0.wp.com/wp-content/js/devicepx-jetpack4f00.js]
[ertugrl.com/dirilis-ertugrul/الموسم_الثالث/قيامة-أرطغرل-الحلقة-84/index.html]
[ertugrl.com/dirilis-ertugrul/الموسم_الثالث/قيامة-أرطغرل-الحلقة-85/index.html]
[ertugrl.com/dirilis-ertugrul/الموسم_الثالث/قيامة-أرطغرل-الحلقة-83/index.html]
[ertugrl.com/category/dirilis-ertugrul/الموسم_الثالث/page/2/indexe35a.html]
[ertugrl.com/category/dirilis-ertugrul/الموسم_الثالث/page/3/indexe35a.html]
[stats.wp.com/e-201905.js]
[s0.wp.com/wp-content/js/devicepx-jetpack8ae0.js]
[ertugrl.com/dirilis-ertugrul/الموسم_الثالث/قيامة-أرطغرل-الحلقة-86/index.html]
[stats.wp.com/e-201903.js]
[ertugrl.com/dirilis-ertugrul/الموسم_الثالث/قيامة-أرطغرل-الحلقة-90/index.html]
[ertugrl.com/dirilis-ertugrul/الموسم_الثالث/قيامة-أرطغرل-الحلقة-91-نهاية-الموسم-الث/index.html]
[ertugrl.com/category/dirilis-ertugrul/الموسم_الثالث/page/2/index0ce5.html]
[ertugrl.com/category/dirilis-ertugrul/الموسم_الثالث/page/3/index0ce5.html]
[s0.wp.com/wp-content/js/devicepx-jetpack3dfd.js]
[ertugrl.com/category/dirilis-ertugrul/الموسم_الثالث/page/3/indexc14a.html]
[ertugrl.com/category/dirilis-ertugrul/الموسم_الثالث/page/2/indexc14a.html]
[ertugrl.com/category/dirilis-ertugrul/الموسم_الثالث/page/2/index8e7c.html]
[stats.wp.com/e-201904.js]
[ertugrl.com/category/dirilis-ertugrul/الموسم_الثالث/page/3/index8e7c.html]
[ertugrl.com/category/dirilis-ertugrul/الموسم_الثالث/page/2/index97e3.html]
[ertugrl.com/category/dirilis-ertugrul/الموسم_الثالث/page/3/index97e3.html]
[ertugrl.com/category/dirilis-ertugrul/الموسم_الثالث/page/2/index9bc8.html]
[ertugrl.com/category/dirilis-ertugrul/الموسم_الثالث/page/2/indexe39b.html]
[ertugrl.com/category/dirilis-ertugrul/الموسم_الثالث/page/3/indexe39b.html]
[ertugrl.com/category/dirilis-ertugrul/الموسم_الثالث/page/3/index9bc8.html]
[ertugrl.com/category/dirilis-ertugrul/الموسم_الثالث/page/2/indexaa4b.html]
[ertugrl.com/category/dirilis-ertugrul/الموسم_الثالث/page/3/indexaa4b.html]
[ertugrl.com/category/dirilis-ertugrul/الموسم_الثالث/page/2/indexb0d0.html]
[ertugrl.com/category/dirilis-ertugrul/الموسم_الثالث/page/3/indexb0d0.html]
[ertugrl.com/category/dirilis-ertugrul/الموسم_الثاني/page/2/indexf8e3.html]
[ertugrl.com/category/dirilis-ertugrul/الموسم_الثاني/page/3/indexf8e3.html]
[ertugrl.com/category/dirilis-ertugrul/الموسم_الثاني/index0ce5.html]
[ertugrl.com/dirilis-ertugrul/الموسم_الثاني/قيامة-أرطغرل-الحلقة-48/index.html]
[ertugrl.com/dirilis-ertugrul/الموسم_الثاني/قيامة-أرطغرل-الحلقة-47/index.html]
[ertugrl.com/category/dirilis-ertugrul/الموسم_الثاني/indexc14a.html]
[ertugrl.com/dirilis-ertugrul/الموسم_الثاني/قيامة-أرطغرل-الحلقة-49/index.html]
[ertugrl.com/dirilis-ertugrul/الموسم_الثاني/قيامة-أرطغرل-الحلقة-43/index.html]
